[launch] execution lock acquired: commit 69ff435d5c08, protocol 2e81659f9686, clean worktree True
Warp 1.14.0 initialized:
   CUDA Toolkit 12.9, Driver 13.2
   Devices:
     "cpu"      : "Intel64 Family 6 Model 198 Stepping 2, GenuineIntel"
     "cuda:0"   : "NVIDIA GeForce RTX 5090" (32 GiB, sm_120, mempool enabled)
   Kernel cache:
     \\?\C:\Users\Angus\AppData\Local\NVIDIA\warp\Cache\1.14.0
Module cft_revival.pic2d.warp_backend 1d75c88 load on device 'cuda:0' took 22.93 ms  (cached)
[steady-state] stability gate: {"dt_s": 1e-12, "reference_density_per_m3": 4e+17, "reference_electron_temperature_ev": 8.0, "max_b_t": 0.29139328801100517, "omega_pe_rad_per_s": 35679727295.29745, "omega_pe_dt": 0.03567972729529745, "omega_ce_rad_per_s": 51250834526.08086, "omega_ce_dt": 0.051250834526080855, "debye_length_m": 3.324559928188124e-05, "cell_debye_ratio": 0.7519792255218853, "max_electron_speed_m_per_s": 11854980.41078976, "particle_courant": 0.47419921643159035, "max_collision_probability": 4.274387356417719e-05, "violations": [], "stable": true}
[steady-state] mesh: {'plasma_cells': 81480, 'plasma_nodes': 82560, 'dirichlet_nodes': 201, 'unknown_nodes': 82359, 'wall_nodes': 998, 'plasma_volume_m3': 3.443990581451895e-07, 'wall_representation': 'exact radial grid line in the straight bore; one-cell stair-step in the cone'}
[steady-state] neutral inventory: {"feed_atoms_per_s": 8.551102004120011e+16, "relaxation_time_s": 3e-08, "ceiling_density_per_m3": 5.5e+19, "exit_area_m2": 2.8274333882308137e-05, "neutral_temperature_k": 300.0, "channel_volume_m3": 3.443990581451895e-07, "mean_thermal_speed_m_per_s": 219.95153985272123, "effusion_coefficient_m3_per_s": 0.001554745818930911, "zero_ionization_density_per_m3": 5.5e+19, "initial_density_per_m3": 5.5e+19, "ceiling_headroom_over_zero_ionization": 1.0, "physical_time_constant_s": 0.00022151470288693775, "mass_flow_mg_per_s": 0.01864286802786513, "wall_recycling": false, "wall_temperature_k": null, "wall_thermal_speed_m_per_s": null, "relaxation": "artificial exponential relaxation toward n_g* = (Q_in + R - S)/c per series interval", "update": "exact linear-ODE integration per series interval; ledgers (fed, recycled, ionised, effused, artificial) are exact interval integrals", "transient_is_artificial": true}
[steady-state] v1.4 options: {"wall_recycling": false, "neutral_relaxation": "artificial (development only)", "peak_debye_gate": {"max_cells_per_debye": 3.141592653589793, "min_macro_particles_at_peak": 32, "dense_fraction": 0.5, "window_steps": 400000, "window_snapshot_steps": 40000, "soft_cells_per_debye": 2.5}, "anomalous": null, "see": null, "step_graph": "lazy"}
[steady-state] frame recorder: every 20000 steps (20.0 ns), float32, ~3.3 MB/frame uncompressed
[steady-state] gpu sampler: background, every 300 s, timeout 5 s
[steady-state] step 6400 t=0.006 us e=959592 i=1152495 I_d=2.43 mA I_beam=0.14 mA S=1.68e+16/s n_g=5.31e+19 util=0.20/0.20 peak=9.64e+16 cells/lD=0.50 win=0.36(w6400 n/e) w_pe*dt=0.068 9.47 ms/step wall=0.02 h
[steady-state] step 13200 t=0.013 us e=954545 i=1152572 I_d=0.99 mA I_beam=0.47 mA S=1.47e+16/s n_g=5.14e+19 util=0.17/0.17 peak=8.89e+16 cells/lD=0.35 win=0.37(w13200 n/e) w_pe*dt=0.069 9.20 ms/step wall=0.03 h
[steady-state] step 19600 t=0.020 us e=957074 i=1148424 I_d=0.83 mA I_beam=0.41 mA S=1.55e+16/s n_g=5.01e+19 util=0.18/0.18 peak=9.08e+16 cells/lD=0.34 win=0.37(w19600 n/e) w_pe*dt=0.073 9.75 ms/step wall=0.05 h
[steady-state] step 32000 t=0.032 us e=963196 i=1133216 I_d=0.73 mA I_beam=0.72 mA S=1.42e+16/s n_g=4.83e+19 util=0.17/0.17 peak=9.92e+16 cells/lD=0.39 win=0.38(w32000 n/e) w_pe*dt=0.071 3.97 ms/step wall=0.07 h
[steady-state] step 46600 t=0.047 us e=969347 i=1112129 I_d=1.19 mA I_beam=0.66 mA S=1.59e+16/s n_g=4.7e+19 util=0.19/0.19 peak=1.13e+17 cells/lD=0.34 win=0.38(w46600 n/e) res_w=-7.2% w_pe*dt=0.068 3.90 ms/step wall=0.08 h
[steady-state] step 61000 t=0.061 us e=973990 i=1095277 I_d=1.13 mA I_beam=0.58 mA S=1.36e+16/s gpu=100% n_g=4.62e+19 util=0.16/0.16 peak=1.30e+17 cells/lD=0.33 win=0.38(w61000 n/e) res_w=-7.2% w_pe*dt=0.062 3.95 ms/step wall=0.10 h
[steady-state] step 73400 t=0.073 us e=976867 i=1084607 I_d=1.30 mA I_beam=0.43 mA S=1.58e+16/s gpu=100% n_g=4.58e+19 util=0.19/0.19 peak=1.25e+17 cells/lD=0.34 win=0.38(w73400 n/e) res_w=-7.2% w_pe*dt=0.065 9.85 ms/step wall=0.12 h
[steady-state] step 79800 t=0.080 us e=978289 i=1080525 I_d=1.44 mA I_beam=0.28 mA S=1.46e+16/s gpu=100% n_g=4.56e+19 util=0.17/0.17 peak=1.34e+17 cells/lD=0.34 win=0.39(w79800 n/e) res_w=-7.2% w_pe*dt=0.064 9.40 ms/step wall=0.13 h
[steady-state] step 86400 t=0.086 us e=979395 i=1077155 I_d=1.17 mA I_beam=0.36 mA S=1.42e+16/s gpu=100% n_g=4.55e+19 util=0.17/0.17 peak=1.46e+17 cells/lD=0.35 win=0.39(w86400 n/e) res_w=-8.8% w_pe*dt=0.067 9.56 ms/step wall=0.15 h
[steady-state] step 93000 t=0.093 us e=980714 i=1074477 I_d=1.55 mA I_beam=0.34 mA S=1.77e+16/s gpu=100% n_g=4.53e+19 util=0.21/0.21 peak=1.49e+17 cells/lD=0.36 win=0.39(w93000 n/e) res_w=-8.8% w_pe*dt=0.074 9.00 ms/step wall=0.17 h
[steady-state] step 100000 t=0.100 us e=981874 i=1072331 I_d=1.35 mA I_beam=0.34 mA S=1.52e+16/s n_g=4.52e+19 util=0.18/0.18 peak=1.55e+17 cells/lD=0.41 win=0.39(w100000 n/e) res_w=-8.8% w_pe*dt=0.065 9.13 ms/step wall=0.19 h
[steady-state] step 106800 t=0.107 us e=983019 i=1071147 I_d=0.93 mA I_beam=0.22 mA S=1.6e+16/s n_g=4.51e+19 util=0.19/0.19 peak=1.74e+17 cells/lD=0.41 win=0.39(w106800 n/e) res_w=-8.8% w_pe*dt=0.072 9.07 ms/step wall=0.20 h
[steady-state] step 113600 t=0.114 us e=983993 i=1070111 I_d=1.38 mA I_beam=0.26 mA S=1.4e+16/s n_g=4.5e+19 util=0.16/0.16 peak=1.75e+17 cells/lD=0.50 win=0.39(w113600 n/e) res_w=-8.8% w_pe*dt=0.074 9.15 ms/step wall=0.22 h
[steady-state] step 120200 t=0.120 us e=985067 i=1069610 I_d=1.21 mA I_beam=0.22 mA S=1.53e+16/s n_g=4.49e+19 util=0.18/0.18 peak=2.10e+17 cells/lD=0.53 win=0.36(w120200 n/e) res_w=-9.7% w_pe*dt=0.069 14.11 ms/step wall=0.24 h
[steady-state] step 127000 t=0.127 us e=986328 i=1069317 I_d=1.21 mA I_beam=0.28 mA S=1.72e+16/s n_g=4.49e+19 util=0.20/0.20 peak=2.29e+17 cells/lD=0.59 win=0.36(w127000 n/e) res_w=-9.7% w_pe*dt=0.068 9.28 ms/step wall=0.25 h
[steady-state] step 133800 t=0.134 us e=987776 i=1069842 I_d=1.07 mA I_beam=0.22 mA S=1.75e+16/s gpu=100% n_g=4.47e+19 util=0.20/0.20 peak=2.54e+17 cells/lD=0.60 win=0.36(w133800 n/e) res_w=-9.7% w_pe*dt=0.068 9.10 ms/step wall=0.27 h
[steady-state] step 140800 t=0.141 us e=989440 i=1070362 I_d=1.35 mA I_beam=0.28 mA S=1.61e+16/s gpu=100% n_g=4.46e+19 util=0.19/0.19 peak=2.99e+17 cells/lD=0.63 win=0.38(w140800 n/e) res_w=-9.7% w_pe*dt=0.075 9.08 ms/step wall=0.29 h
[steady-state] step 147400 t=0.147 us e=991420 i=1071006 I_d=1.24 mA I_beam=0.26 mA S=1.88e+16/s gpu=100% n_g=4.45e+19 util=0.22/0.22 peak=3.18e+17 cells/lD=0.65 win=0.38(w147400 n/e) res_w=-9.7% w_pe*dt=0.071 9.73 ms/step wall=0.30 h
[steady-state] step 154400 t=0.154 us e=993707 i=1071977 I_d=1.35 mA I_beam=0.30 mA S=1.73e+16/s gpu=100% n_g=4.43e+19 util=0.20/0.20 peak=3.85e+17 cells/lD=0.69 win=0.38(w154400 n/e) res_w=-9.7% w_pe*dt=0.067 9.02 ms/step wall=0.32 h
[steady-state] step 160800 t=0.161 us e=996157 i=1073467 I_d=1.62 mA I_beam=0.29 mA S=1.95e+16/s gpu=100% n_g=4.42e+19 util=0.23/0.23 peak=4.03e+17 cells/lD=0.70 win=0.40(w160800 n/e) res_w=-10.4% w_pe*dt=0.065 9.53 ms/step wall=0.34 h
[steady-state] step 167600 t=0.168 us e=998857 i=1075001 I_d=1.42 mA I_beam=0.23 mA S=1.76e+16/s gpu=100% n_g=4.4e+19 util=0.21/0.21 peak=4.91e+17 cells/lD=0.75 win=0.40(w167600 n/e) res_w=-10.4% w_pe*dt=0.073 9.25 ms/step wall=0.35 h
[steady-state] step 174200 t=0.174 us e=1001745 i=1076670 I_d=1.26 mA I_beam=0.26 mA S=1.84e+16/s gpu=100% n_g=4.39e+19 util=0.21/0.21 peak=5.49e+17 cells/lD=0.77 win=0.41(w174200 n/e) res_w=-10.4% w_pe*dt=0.070 8.86 ms/step wall=0.37 h
[steady-state] step 181200 t=0.181 us e=1004938 i=1078608 I_d=1.30 mA I_beam=0.30 mA S=1.96e+16/s gpu=100% n_g=4.37e+19 util=0.23/0.23 peak=5.84e+17 cells/lD=0.76 win=0.41(w181200 n/e) res_w=-10.4% w_pe*dt=0.071 8.97 ms/step wall=0.39 h
[steady-state] step 188000 t=0.188 us e=1008289 i=1080578 I_d=1.09 mA I_beam=0.30 mA S=1.94e+16/s gpu=100% n_g=4.36e+19 util=0.23/0.23 peak=7.01e+17 cells/lD=0.80 win=0.41(w188000 n/e) res_w=-10.4% w_pe*dt=0.069 9.01 ms/step wall=0.41 h
[steady-state] step 198400 t=0.198 us e=1013833 i=1084118 I_d=1.25 mA I_beam=0.24 mA S=1.87e+16/s gpu=100% n_g=4.34e+19 util=0.22/0.22 peak=7.73e+17 cells/lD=0.84 win=0.42(w198400 n/e) res_w=-10.4% w_pe*dt=0.073 3.98 ms/step wall=0.42 h
[steady-state] step 213200 t=0.213 us e=1022396 i=1089594 I_d=1.18 mA I_beam=0.31 mA S=1.71e+16/s n_g=4.31e+19 util=0.20/0.20 peak=9.60e+17 cells/lD=0.94 win=0.42(w213200 n/e) res_w=-11.0% w_pe*dt=0.065 3.88 ms/step wall=0.44 h
[steady-state] step 228000 t=0.228 us e=1030767 i=1095080 I_d=1.05 mA I_beam=0.30 mA S=2.01e+16/s n_g=4.3e+19 util=0.24/0.24 peak=9.82e+17 cells/lD=1.01 win=0.44(w228000 n/e) res_w=-11.0% w_pe*dt=0.069 3.94 ms/step wall=0.46 h
[steady-state] step 235000 t=0.235 us e=1034950 i=1097735 I_d=1.07 mA I_beam=0.31 mA S=1.91e+16/s n_g=4.29e+19 util=0.22/0.22 peak=8.40e+17 cells/lD=0.95 win=0.45(w235000 n/e) res_w=-11.0% w_pe*dt=0.070 8.83 ms/step wall=0.47 h
[steady-state] step 241800 t=0.242 us e=1038883 i=1100356 I_d=1.14 mA I_beam=0.47 mA S=1.75e+16/s n_g=4.29e+19 util=0.20/0.20 peak=7.58e+17 cells/lD=0.94 win=0.45(w241800 n/e) res_w=-11.5% w_pe*dt=0.069 9.09 ms/step wall=0.49 h
[steady-state] step 248400 t=0.248 us e=1042266 i=1102703 I_d=1.24 mA I_beam=0.31 mA S=1.82e+16/s n_g=4.3e+19 util=0.21/0.21 peak=5.92e+17 cells/lD=0.88 win=0.45(w248400 n/e) res_w=-11.5% w_pe*dt=0.071 9.33 ms/step wall=0.51 h
[steady-state] step 255200 t=0.255 us e=1045983 i=1105290 I_d=1.29 mA I_beam=0.32 mA S=1.84e+16/s gpu=100% n_g=4.3e+19 util=0.21/0.21 peak=5.36e+17 cells/lD=0.84 win=0.46(w255200 n/e) res_w=-11.5% w_pe*dt=0.068 7.99 ms/step wall=0.52 h
[steady-state] step 261800 t=0.262 us e=1049509 i=1107807 I_d=1.32 mA I_beam=0.24 mA S=2.03e+16/s gpu=100% n_g=4.3e+19 util=0.24/0.24 peak=5.06e+17 cells/lD=0.86 win=0.46(w261800 n/e) res_w=-11.5% w_pe*dt=0.066 9.06 ms/step wall=0.54 h
[steady-state] step 268600 t=0.269 us e=1052920 i=1110296 I_d=1.11 mA I_beam=0.35 mA S=1.95e+16/s gpu=100% n_g=4.31e+19 util=0.23/0.23 peak=4.97e+17 cells/lD=0.82 win=0.46(w268600 n/e) res_w=-11.5% w_pe*dt=0.070 5.33 ms/step wall=0.56 h
[steady-state] step 275600 t=0.276 us e=1056719 i=1113120 I_d=1.01 mA I_beam=0.22 mA S=1.72e+16/s gpu=100% n_g=4.31e+19 util=0.20/0.20 peak=4.53e+17 cells/lD=0.74 win=0.46(w275600 n/e) res_w=-11.5% w_pe*dt=0.075 9.06 ms/step wall=0.57 h
[steady-state] step 282200 t=0.282 us e=1059964 i=1115532 I_d=1.20 mA I_beam=0.26 mA S=1.86e+16/s gpu=100% n_g=4.31e+19 util=0.22/0.22 peak=4.67e+17 cells/lD=0.82 win=0.46(w282200 n/e) res_w=-12.0% w_pe*dt=0.068 8.91 ms/step wall=0.59 h
[steady-state] step 289000 t=0.289 us e=1063270 i=1118006 I_d=1.12 mA I_beam=0.29 mA S=1.74e+16/s gpu=100% n_g=4.32e+19 util=0.20/0.20 peak=4.75e+17 cells/lD=0.89 win=0.46(w289000 n/e) res_w=-12.0% w_pe*dt=0.066 9.26 ms/step wall=0.61 h
[steady-state] step 295800 t=0.296 us e=1066548 i=1120648 I_d=1.32 mA I_beam=0.26 mA S=2.06e+16/s gpu=100% n_g=4.32e+19 util=0.24/0.24 peak=4.52e+17 cells/lD=0.83 win=0.47(w295800 n/e) res_w=-12.0% w_pe*dt=0.065 9.00 ms/step wall=0.62 h
[steady-state] step 302800 t=0.303 us e=1069793 i=1123243 I_d=1.15 mA I_beam=0.31 mA S=1.76e+16/s gpu=100% n_g=4.33e+19 util=0.21/0.21 peak=4.61e+17 cells/lD=0.84 win=0.47(w302800 n/e) res_w=-12.0% w_pe*dt=0.068 9.19 ms/step wall=0.64 h
[steady-state] step 309600 t=0.310 us e=1073077 i=1125847 I_d=1.24 mA I_beam=0.24 mA S=1.48e+16/s gpu=100% n_g=4.33e+19 util=0.17/0.17 peak=4.99e+17 cells/lD=0.91 win=0.47(w309600 n/e) res_w=-12.0% w_pe*dt=0.070 9.08 ms/step wall=0.66 h
[steady-state] step 316400 t=0.316 us e=1076193 i=1128462 I_d=1.25 mA I_beam=0.38 mA S=1.86e+16/s gpu=100% n_g=4.32e+19 util=0.22/0.22 peak=4.88e+17 cells/lD=0.90 win=0.47(w316400 n/e) res_w=-12.0% w_pe*dt=0.073 9.04 ms/step wall=0.67 h
[steady-state] step 323000 t=0.323 us e=1079189 i=1130886 I_d=1.36 mA I_beam=0.36 mA S=1.93e+16/s gpu=100% n_g=4.33e+19 util=0.23/0.23 peak=4.37e+17 cells/lD=0.90 win=0.47(w323000 n/e) res_w=-12.3% w_pe*dt=0.073 9.06 ms/step wall=0.69 h
[steady-state] step 330000 t=0.330 us e=1082282 i=1133553 I_d=1.33 mA I_beam=0.28 mA S=1.97e+16/s gpu=100% n_g=4.33e+19 util=0.23/0.23 peak=4.57e+17 cells/lD=0.90 win=0.47(w330000 n/e) res_w=-12.3% w_pe*dt=0.067 8.80 ms/step wall=0.71 h
[steady-state] step 336800 t=0.337 us e=1085191 i=1136248 I_d=1.01 mA I_beam=0.28 mA S=1.65e+16/s gpu=100% n_g=4.33e+19 util=0.19/0.19 peak=4.53e+17 cells/lD=0.86 win=0.47(w336800 n/e) res_w=-12.3% w_pe*dt=0.066 9.03 ms/step wall=0.73 h
[steady-state] step 343800 t=0.344 us e=1088242 i=1138793 I_d=1.09 mA I_beam=0.35 mA S=2.02e+16/s gpu=100% n_g=4.33e+19 util=0.24/0.24 peak=4.30e+17 cells/lD=0.88 win=0.51(w343800 n/e) res_w=-12.3% w_pe*dt=0.072 8.77 ms/step wall=0.74 h
[steady-state] step 350600 t=0.351 us e=1091076 i=1141288 I_d=1.36 mA I_beam=0.35 mA S=1.7e+16/s gpu=100% n_g=4.34e+19 util=0.20/0.20 peak=4.37e+17 cells/lD=0.91 win=0.51(w350600 n/e) res_w=-12.3% w_pe*dt=0.072 9.16 ms/step wall=0.76 h
[steady-state] step 364600 t=0.365 us e=1097116 i=1146619 I_d=0.89 mA I_beam=0.28 mA S=1.58e+16/s gpu=100% n_g=4.34e+19 util=0.19/0.19 peak=4.21e+17 cells/lD=0.92 win=0.52(w364600 n/e) res_w=-12.6% w_pe*dt=0.064 4.16 ms/step wall=0.78 h
[steady-state] step 377400 t=0.377 us e=1102544 i=1151666 I_d=1.20 mA I_beam=0.20 mA S=1.82e+16/s gpu=100% n_g=4.34e+19 util=0.21/0.21 peak=4.38e+17 cells/lD=0.96 win=0.52(w377400 n/e) res_w=-12.6% w_pe*dt=0.069 9.23 ms/step wall=0.79 h
[steady-state] step 384000 t=0.384 us e=1105408 i=1154432 I_d=1.30 mA I_beam=0.17 mA S=2.08e+16/s gpu=100% n_g=4.34e+19 util=0.24/0.24 peak=4.28e+17 cells/lD=0.90 win=0.52(w384000 n/e) res_w=-12.6% w_pe*dt=0.068 9.00 ms/step wall=0.81 h
[steady-state] step 390800 t=0.391 us e=1108472 i=1157285 I_d=1.12 mA I_beam=0.32 mA S=1.7e+16/s gpu=100% n_g=4.34e+19 util=0.20/0.20 peak=4.32e+17 cells/lD=0.90 win=0.53(w390800 n/e) res_w=-12.6% w_pe*dt=0.070 9.14 ms/step wall=0.83 h
[steady-state] step 397400 t=0.397 us e=1111401 i=1159997 I_d=1.25 mA I_beam=0.31 mA S=1.94e+16/s gpu=100% n_g=4.34e+19 util=0.23/0.23 peak=4.43e+17 cells/lD=0.89 win=0.53(w397400 n/e) res_w=-12.6% w_pe*dt=0.066 9.21 ms/step wall=0.84 h
[steady-state] step 404000 t=0.404 us e=1114138 i=1162643 I_d=1.11 mA I_beam=0.22 mA S=2e+16/s gpu=100% n_g=4.34e+19 util=0.23/0.23 peak=4.39e+17 cells/lD=0.96 win=0.53(w404000) res_w=-12.8% w_pe*dt=0.072 9.15 ms/step wall=0.86 h
[steady-state] step 410800 t=0.411 us e=1116952 i=1165242 I_d=1.12 mA I_beam=0.31 mA S=1.88e+16/s gpu=100% n_g=4.35e+19 util=0.22/0.22 peak=4.20e+17 cells/lD=0.94 win=0.53(w410800) res_w=-12.8% w_pe*dt=0.065 9.17 ms/step wall=0.88 h
[steady-state] step 417800 t=0.418 us e=1120034 i=1167992 I_d=1.55 mA I_beam=0.24 mA S=1.88e+16/s gpu=100% n_g=4.34e+19 util=0.22/0.22 peak=4.10e+17 cells/lD=0.88 win=0.53(w417800) res_w=-12.8% w_pe*dt=0.073 8.77 ms/step wall=0.89 h
[steady-state] step 424400 t=0.424 us e=1122875 i=1170328 I_d=1.13 mA I_beam=0.32 mA S=1.74e+16/s gpu=100% n_g=4.34e+19 util=0.20/0.20 peak=4.25e+17 cells/lD=0.92 win=0.54(w424400) res_w=-12.8% w_pe*dt=0.063 9.01 ms/step wall=0.91 h
[steady-state] step 431200 t=0.431 us e=1125662 i=1172856 I_d=0.96 mA I_beam=0.19 mA S=2.04e+16/s gpu=100% n_g=4.35e+19 util=0.24/0.24 peak=4.11e+17 cells/lD=0.96 win=0.54(w431200) res_w=-12.8% w_pe*dt=0.069 9.33 ms/step wall=0.93 h
[steady-state] step 438000 t=0.438 us e=1128759 i=1175496 I_d=1.19 mA I_beam=0.31 mA S=1.8e+16/s gpu=100% n_g=4.34e+19 util=0.21/0.21 peak=4.01e+17 cells/lD=0.90 win=0.54(w438000) res_w=-12.8% w_pe*dt=0.072 9.11 ms/step wall=0.95 h
[steady-state] step 444800 t=0.445 us e=1131348 i=1177882 I_d=1.36 mA I_beam=0.31 mA S=1.85e+16/s gpu=100% n_g=4.35e+19 util=0.22/0.22 peak=4.11e+17 cells/lD=0.92 win=0.56(w404800) res_w=-14.1% w_pe*dt=0.080 9.09 ms/step wall=0.96 h
[steady-state] step 451600 t=0.452 us e=1134331 i=1180307 I_d=1.26 mA I_beam=0.32 mA S=2.04e+16/s gpu=100% n_g=4.35e+19 util=0.24/0.24 peak=3.80e+17 cells/lD=0.81 win=0.56(w411600) res_w=-14.1% w_pe*dt=0.067 9.04 ms/step wall=0.98 h
[steady-state] step 458600 t=0.459 us e=1137381 i=1182985 I_d=1.11 mA I_beam=0.25 mA S=1.94e+16/s gpu=100% n_g=4.35e+19 util=0.23/0.23 peak=3.95e+17 cells/lD=0.94 win=0.56(w418600) res_w=-14.1% w_pe*dt=0.066 9.09 ms/step wall=1.00 h
[steady-state] step 465200 t=0.465 us e=1140430 i=1185428 I_d=1.13 mA I_beam=0.22 mA S=1.92e+16/s gpu=100% n_g=4.34e+19 util=0.22/0.22 peak=3.98e+17 cells/lD=0.89 win=0.56(w425200) res_w=-14.1% w_pe*dt=0.073 8.95 ms/step wall=1.01 h
[steady-state] step 472000 t=0.472 us e=1143307 i=1187776 I_d=1.39 mA I_beam=0.31 mA S=1.72e+16/s n_g=4.34e+19 util=0.20/0.20 peak=3.90e+17 cells/lD=0.75 win=0.57(w432000) res_w=-14.1% w_pe*dt=0.067 9.03 ms/step wall=1.03 h
[steady-state] step 478600 t=0.479 us e=1146315 i=1190174 I_d=1.29 mA I_beam=0.23 mA S=1.82e+16/s n_g=4.34e+19 util=0.21/0.21 peak=4.01e+17 cells/lD=0.97 win=0.57(w438600) res_w=-14.1% w_pe*dt=0.080 9.12 ms/step wall=1.05 h
[steady-state] step 485200 t=0.485 us e=1149652 i=1192733 I_d=1.24 mA I_beam=0.24 mA S=1.71e+16/s n_g=4.34e+19 util=0.20/0.20 peak=4.47e+17 cells/lD=0.75 win=0.59(w405200) res_w=-14.3% w_pe*dt=0.068 9.35 ms/step wall=1.06 h
[steady-state] step 491800 t=0.492 us e=1152679 i=1195173 I_d=1.29 mA I_beam=0.18 mA S=1.79e+16/s n_g=4.34e+19 util=0.21/0.21 peak=4.11e+17 cells/lD=0.71 win=0.59(w411800) res_w=-14.3% w_pe*dt=0.069 8.91 ms/step wall=1.08 h
[steady-state] step 499800 t=0.500 us e=1156552 i=1198131 I_d=1.41 mA I_beam=0.23 mA S=2e+16/s n_g=4.34e+19 util=0.23/0.23 peak=4.44e+17 cells/lD=0.74 win=0.59(w419800) res_w=-14.3% w_pe*dt=0.066 4.18 ms/step wall=1.10 h
[steady-state] step 514200 t=0.514 us e=1163973 i=1204138 I_d=1.41 mA I_beam=0.22 mA S=1.91e+16/s gpu=92% n_g=4.33e+19 util=0.22/0.22 peak=4.49e+17 cells/lD=0.81 win=0.59(w434200) res_w=-14.3% w_pe*dt=0.067 4.10 ms/step wall=1.11 h
[steady-state] step 523400 t=0.523 us e=1168693 i=1208045 I_d=1.19 mA I_beam=0.31 mA S=1.99e+16/s gpu=92% n_g=4.33e+19 util=0.23/0.23 peak=4.84e+17 cells/lD=0.82 win=0.61(w403400) res_w=-14.6% w_pe*dt=0.063 9.07 ms/step wall=1.13 h
[steady-state] step 530000 t=0.530 us e=1172172 i=1210734 I_d=1.29 mA I_beam=0.26 mA S=1.83e+16/s gpu=92% n_g=4.33e+19 util=0.21/0.21 peak=4.52e+17 cells/lD=0.77 win=0.61(w410000) res_w=-14.6% w_pe*dt=0.065 9.21 ms/step wall=1.15 h
[steady-state] step 536600 t=0.537 us e=1175566 i=1213647 I_d=1.20 mA I_beam=0.22 mA S=1.69e+16/s gpu=92% n_g=4.33e+19 util=0.20/0.20 peak=4.79e+17 cells/lD=0.78 win=0.61(w416600) res_w=-14.6% w_pe*dt=0.075 9.13 ms/step wall=1.17 h
[steady-state] step 543200 t=0.543 us e=1178942 i=1216449 I_d=1.26 mA I_beam=0.37 mA S=2.11e+16/s gpu=100% n_g=4.33e+19 util=0.25/0.25 peak=4.54e+17 cells/lD=0.79 win=0.61(w423200) res_w=-14.6% w_pe*dt=0.066 9.24 ms/step wall=1.18 h
[steady-state] step 549800 t=0.550 us e=1182232 i=1219170 I_d=1.30 mA I_beam=0.32 mA S=1.63e+16/s gpu=100% n_g=4.34e+19 util=0.19/0.19 peak=4.46e+17 cells/lD=0.73 win=0.61(w429800) res_w=-14.6% w_pe*dt=0.063 9.20 ms/step wall=1.20 h
[steady-state] step 556400 t=0.556 us e=1185463 i=1221790 I_d=1.42 mA I_beam=0.43 mA S=1.86e+16/s gpu=100% n_g=4.34e+19 util=0.22/0.22 peak=4.51e+17 cells/lD=0.78 win=0.61(w436400) res_w=-14.6% w_pe*dt=0.065 9.24 ms/step wall=1.22 h
[steady-state] step 562800 t=0.563 us e=1188707 i=1224417 I_d=1.31 mA I_beam=0.37 mA S=1.7e+16/s gpu=100% n_g=4.34e+19 util=0.20/0.20 peak=4.53e+17 cells/lD=0.78 win=0.63(w402800) res_w=-14.8% w_pe*dt=0.066 8.98 ms/step wall=1.23 h
[steady-state] step 569400 t=0.569 us e=1191950 i=1226958 I_d=1.30 mA I_beam=0.38 mA S=1.67e+16/s gpu=100% n_g=4.34e+19 util=0.20/0.20 peak=4.70e+17 cells/lD=0.81 win=0.63(w409400) res_w=-14.8% w_pe*dt=0.071 9.36 ms/step wall=1.25 h
[steady-state] step 576000 t=0.576 us e=1195174 i=1229621 I_d=1.23 mA I_beam=0.37 mA S=1.9e+16/s gpu=100% n_g=4.35e+19 util=0.22/0.22 peak=5.26e+17 cells/lD=0.86 win=0.63(w416000) res_w=-14.8% w_pe*dt=0.070 9.03 ms/step wall=1.27 h
[steady-state] step 582600 t=0.583 us e=1198290 i=1232322 I_d=1.17 mA I_beam=0.38 mA S=1.58e+16/s gpu=100% n_g=4.35e+19 util=0.18/0.18 peak=5.07e+17 cells/lD=0.82 win=0.63(w422600) res_w=-14.8% w_pe*dt=0.075 9.09 ms/step wall=1.28 h
[steady-state] step 589400 t=0.589 us e=1201231 i=1234932 I_d=1.17 mA I_beam=0.50 mA S=1.6e+16/s gpu=100% n_g=4.36e+19 util=0.19/0.19 peak=5.22e+17 cells/lD=0.77 win=0.63(w429400) res_w=-14.8% w_pe*dt=0.074 9.53 ms/step wall=1.30 h
[steady-state] step 596000 t=0.596 us e=1204115 i=1237575 I_d=1.06 mA I_beam=0.53 mA S=1.82e+16/s gpu=100% n_g=4.36e+19 util=0.21/0.21 peak=5.24e+17 cells/lD=0.89 win=0.63(w436000) res_w=-14.8% w_pe*dt=0.079 9.50 ms/step wall=1.32 h
[steady-state] step 602400 t=0.602 us e=1206921 i=1239923 I_d=1.18 mA I_beam=0.47 mA S=1.83e+16/s gpu=100% n_g=4.36e+19 util=0.21/0.21 peak=4.99e+17 cells/lD=0.86 win=0.65(w402400) res_w=-14.8% w_pe*dt=0.070 8.99 ms/step wall=1.33 h
[steady-state] step 609000 t=0.609 us e=1209536 i=1242401 I_d=1.12 mA I_beam=0.49 mA S=1.61e+16/s gpu=100% n_g=4.37e+19 util=0.19/0.19 peak=5.18e+17 cells/lD=0.84 win=0.65(w409000) res_w=-14.8% w_pe*dt=0.067 9.07 ms/step wall=1.35 h
[steady-state] step 615800 t=0.616 us e=1212301 i=1244655 I_d=1.17 mA I_beam=0.55 mA S=1.84e+16/s n_g=4.37e+19 util=0.21/0.21 peak=5.55e+17 cells/lD=0.86 win=0.65(w415800) res_w=-14.8% w_pe*dt=0.067 9.09 ms/step wall=1.37 h
[steady-state] step 622600 t=0.623 us e=1214935 i=1247011 I_d=1.05 mA I_beam=0.70 mA S=1.8e+16/s n_g=4.38e+19 util=0.21/0.21 peak=5.39e+17 cells/lD=0.89 win=0.65(w422600) res_w=-14.8% w_pe*dt=0.068 9.07 ms/step wall=1.39 h
[steady-state] step 629400 t=0.629 us e=1217515 i=1249239 I_d=1.14 mA I_beam=0.73 mA S=1.66e+16/s n_g=4.38e+19 util=0.19/0.19 peak=5.76e+17 cells/lD=0.97 win=0.65(w429400) res_w=-14.8% w_pe*dt=0.062 9.35 ms/step wall=1.40 h
[steady-state] step 636200 t=0.636 us e=1220327 i=1251671 I_d=1.06 mA I_beam=0.64 mA S=1.51e+16/s n_g=4.39e+19 util=0.18/0.18 peak=5.56e+17 cells/lD=0.81 win=0.65(w436200) res_w=-14.8% w_pe*dt=0.063 9.18 ms/step wall=1.42 h
[steady-state] step 642800 t=0.643 us e=1222976 i=1254126 I_d=1.03 mA I_beam=0.65 mA S=1.76e+16/s gpu=100% n_g=4.39e+19 util=0.21/0.21 peak=5.36e+17 cells/lD=0.83 win=0.52(w402800) res_w=-14.7% w_pe*dt=0.066 9.15 ms/step wall=1.44 h
[steady-state] step 649600 t=0.650 us e=1226020 i=1256786 I_d=1.27 mA I_beam=0.56 mA S=1.7e+16/s gpu=100% n_g=4.39e+19 util=0.20/0.20 peak=5.81e+17 cells/lD=0.93 win=0.53(w409600) res_w=-14.7% w_pe*dt=0.067 8.94 ms/step wall=1.45 h
[steady-state] step 656400 t=0.656 us e=1229062 i=1259606 I_d=1.21 mA I_beam=0.48 mA S=1.76e+16/s gpu=100% n_g=4.39e+19 util=0.21/0.21 peak=5.75e+17 cells/lD=0.88 win=0.53(w416400) res_w=-14.7% w_pe*dt=0.061 9.04 ms/step wall=1.47 h
[steady-state] step 663200 t=0.663 us e=1232416 i=1262563 I_d=1.06 mA I_beam=0.59 mA S=1.65e+16/s gpu=100% n_g=4.39e+19 util=0.19/0.19 peak=6.33e+17 cells/lD=0.93 win=0.54(w423200) res_w=-14.7% w_pe*dt=0.063 8.95 ms/step wall=1.49 h
[steady-state] step 670000 t=0.670 us e=1235435 i=1265432 I_d=1.30 mA I_beam=0.43 mA S=1.66e+16/s gpu=100% n_g=4.4e+19 util=0.19/0.19 peak=5.81e+17 cells/lD=0.91 win=0.54(w430000) res_w=-14.7% w_pe*dt=0.064 9.09 ms/step wall=1.50 h
[steady-state] step 676800 t=0.677 us e=1238772 i=1268577 I_d=1.24 mA I_beam=0.44 mA S=1.76e+16/s gpu=100% n_g=4.4e+19 util=0.21/0.21 peak=5.88e+17 cells/lD=1.02 win=0.55(w436800) res_w=-14.7% w_pe*dt=0.068 8.93 ms/step wall=1.52 h
[steady-state] step 683400 t=0.683 us e=1242060 i=1271667 I_d=1.07 mA I_beam=0.38 mA S=1.76e+16/s gpu=100% n_g=4.4e+19 util=0.21/0.21 peak=5.89e+17 cells/lD=0.91 win=0.57(w403400) res_w=-14.6% w_pe*dt=0.066 9.08 ms/step wall=1.54 h
[steady-state] step 690200 t=0.690 us e=1245438 i=1274755 I_d=1.47 mA I_beam=0.46 mA S=1.66e+16/s gpu=100% n_g=4.4e+19 util=0.19/0.19 peak=6.12e+17 cells/lD=1.00 win=0.58(w410200) res_w=-14.6% w_pe*dt=0.063 9.15 ms/step wall=1.55 h
[steady-state] step 697000 t=0.697 us e=1248777 i=1277961 I_d=1.07 mA I_beam=0.42 mA S=2.02e+16/s gpu=100% n_g=4.41e+19 util=0.24/0.24 peak=5.90e+17 cells/lD=0.97 win=0.58(w417000) res_w=-14.6% w_pe*dt=0.072 9.11 ms/step wall=1.57 h
[steady-state] step 703800 t=0.704 us e=1252117 i=1281082 I_d=1.13 mA I_beam=0.32 mA S=1.65e+16/s gpu=100% n_g=4.41e+19 util=0.19/0.19 peak=6.36e+17 cells/lD=0.94 win=0.58(w423800) res_w=-14.6% w_pe*dt=0.072 9.12 ms/step wall=1.59 h
[steady-state] step 710600 t=0.711 us e=1255648 i=1284345 I_d=1.19 mA I_beam=0.46 mA S=1.81e+16/s gpu=100% n_g=4.41e+19 util=0.21/0.21 peak=6.05e+17 cells/lD=0.95 win=0.59(w430600) res_w=-14.6% w_pe*dt=0.070 8.94 ms/step wall=1.61 h
[steady-state] step 717400 t=0.717 us e=1258872 i=1287493 I_d=1.11 mA I_beam=0.52 mA S=1.74e+16/s gpu=100% n_g=4.41e+19 util=0.20/0.20 peak=5.97e+17 cells/lD=1.01 win=0.59(w437400) res_w=-14.6% w_pe*dt=0.083 8.96 ms/step wall=1.62 h
[steady-state] step 724000 t=0.724 us e=1262087 i=1290588 I_d=1.36 mA I_beam=0.34 mA S=1.7e+16/s gpu=100% n_g=4.41e+19 util=0.20/0.20 peak=6.34e+17 cells/lD=1.07 win=0.62(w404000) res_w=-14.5% w_pe*dt=0.072 9.01 ms/step wall=1.64 h
[steady-state] step 730800 t=0.731 us e=1265337 i=1293662 I_d=1.27 mA I_beam=0.42 mA S=1.66e+16/s gpu=100% n_g=4.42e+19 util=0.19/0.19 peak=6.29e+17 cells/lD=0.97 win=0.62(w410800) res_w=-14.5% w_pe*dt=0.067 8.90 ms/step wall=1.66 h
[steady-state] step 737400 t=0.737 us e=1268578 i=1296911 I_d=1.14 mA I_beam=0.28 mA S=1.91e+16/s gpu=100% n_g=4.42e+19 util=0.22/0.22 peak=6.54e+17 cells/lD=1.05 win=0.62(w417400) res_w=-14.5% w_pe*dt=0.070 9.05 ms/step wall=1.67 h
[steady-state] step 744200 t=0.744 us e=1271772 i=1299981 I_d=1.00 mA I_beam=0.37 mA S=1.48e+16/s gpu=100% n_g=4.42e+19 util=0.17/0.17 peak=6.44e+17 cells/lD=1.05 win=0.63(w424200) res_w=-14.5% w_pe*dt=0.070 8.80 ms/step wall=1.69 h
[steady-state] step 750800 t=0.751 us e=1274745 i=1302755 I_d=1.31 mA I_beam=0.38 mA S=1.77e+16/s gpu=100% n_g=4.43e+19 util=0.21/0.21 peak=6.32e+17 cells/lD=0.99 win=0.63(w430800) res_w=-14.5% w_pe*dt=0.062 8.91 ms/step wall=1.71 h
[steady-state] step 757400 t=0.757 us e=1277876 i=1305688 I_d=1.30 mA I_beam=0.41 mA S=1.63e+16/s gpu=100% n_g=4.43e+19 util=0.19/0.19 peak=6.88e+17 cells/lD=1.00 win=0.64(w437400) res_w=-14.5% w_pe*dt=0.067 8.97 ms/step wall=1.72 h
[steady-state] step 764000 t=0.764 us e=1280922 i=1308439 I_d=1.21 mA I_beam=0.48 mA S=1.57e+16/s gpu=100% n_g=4.44e+19 util=0.18/0.18 peak=6.83e+17 cells/lD=1.01 win=0.66(w404000) res_w=-14.3% w_pe*dt=0.064 9.33 ms/step wall=1.74 h
[steady-state] step 770600 t=0.771 us e=1283926 i=1311333 I_d=1.35 mA I_beam=0.38 mA S=1.52e+16/s gpu=100% n_g=4.44e+19 util=0.18/0.18 peak=6.30e+17 cells/lD=0.98 win=0.67(w410600) res_w=-14.3% w_pe*dt=0.065 8.98 ms/step wall=1.76 h
[steady-state] step 777200 t=0.777 us e=1286933 i=1314025 I_d=1.29 mA I_beam=0.36 mA S=1.64e+16/s gpu=100% n_g=4.44e+19 util=0.19/0.19 peak=6.80e+17 cells/lD=0.97 win=0.67(w417200) res_w=-14.3% w_pe*dt=0.064 9.54 ms/step wall=1.78 h
[steady-state] step 783800 t=0.784 us e=1289993 i=1316978 I_d=1.15 mA I_beam=0.35 mA S=1.62e+16/s gpu=100% n_g=4.44e+19 util=0.19/0.19 peak=6.40e+17 cells/lD=1.02 win=0.67(w423800) res_w=-14.3% w_pe*dt=0.073 9.17 ms/step wall=1.79 h
[steady-state] step 790600 t=0.791 us e=1293055 i=1319875 I_d=1.23 mA I_beam=0.38 mA S=1.66e+16/s gpu=100% n_g=4.44e+19 util=0.19/0.19 peak=6.38e+17 cells/lD=1.03 win=0.68(w430600) res_w=-14.3% w_pe*dt=0.067 9.03 ms/step wall=1.81 h
[steady-state] step 797200 t=0.797 us e=1296285 i=1322805 I_d=1.11 mA I_beam=0.38 mA S=1.64e+16/s gpu=100% n_g=4.44e+19 util=0.19/0.19 peak=6.52e+17 cells/lD=1.03 win=0.68(w437200) res_w=-14.3% w_pe*dt=0.061 9.31 ms/step wall=1.83 h
